{
  "source": {
    "file": "defFl20.bal"
  },
  "position": {
    "line": 8,
    "character": 11
  },
  "result": [
    {
      "range": {
        "start": {
          "line": 17,
          "character": 9
        },
        "end": {
          "line": 17,
          "character": 11
        }
      },
      "uri": "defFl20.bal"
    }
  ]
}