{
  "source": {
    "file": "defFl2.bal"
  },
  "position": {
    "line": 34,
    "character": 23
  },
  "result": [
    {
      "range": {
        "start": {
          "line": 2,
          "character": 35
        },
        "end": {
          "line": 2,
          "character": 38
        }
      },
      "uri": "defFl2.bal"
    }
  ]
}