{
  "source": {
    "file": "defFl18.bal"
  },
  "position": {
    "line": 5,
    "character": 21
  },
  "result": [
    {
      "range": {
        "start": {
          "line": 1,
          "character": 13
        },
        "end": {
          "line": 1,
          "character": 24
        }
      },
      "uri": "defFl18.bal"
    }
  ]
}