{
  "source": {
    "file": "defFl18.bal"
  },
  "position": {
    "line": 6,
    "character": 18
  },
  "result": [
    {
      "range": {
        "start": {
          "line": 2,
          "character": 17
        },
        "end": {
          "line": 2,
          "character": 28
        }
      },
      "uri": "defFl18.bal"
    }
  ]
}