{
  "source": {
    "file": "defFl21.bal"
  },
  "position": {
    "line": 5,
    "character": 34
  },
  "result": [
    {
      "range": {
        "start": {
          "line": 1,
          "character": 8
        },
        "end": {
          "line": 1,
          "character": 18
        }
      },
      "uri": "defFl21.bal"
    }
  ]
}