{
  "source": {
    "file": "defFl21.bal"
  },
  "position": {
    "line": 5,
    "character": 23
  },
  "result": [
    {
      "range": {
        "start": {
          "line": 4,
          "character": 37
        },
        "end": {
          "line": 4,
          "character": 45
        }
      },
      "uri": "defFl21.bal"
    }
  ]
}