{
  "source": {
    "file": "defFl21.bal"
  },
  "position": {
    "line": 5,
    "character": 46
  },
  "result": [
    {
      "range": {
        "start": {
          "line": 3,
          "character": 12
        },
        "end": {
          "line": 3,
          "character": 22
        }
      },
      "uri": "defFl21.bal"
    }
  ]
}