{
  "source": {
    "file": "defFl22.bal"
  },
  "position": {
    "line": 7,
    "character": 8
  },
  "result": [
    {
      "range": {
        "start": {
          "line": 3,
          "character": 12
        },
        "end": {
          "line": 3,
          "character": 18
        }
      },
      "uri": "defFl22.bal"
    }
  ]
}