{
  "source": {
    "file": "defFl19.bal"
  },
  "position": {
    "line": 30,
    "character": 6
  },
  "result": [
    {
      "range": {
        "start": {
          "line": 9,
          "character": 27
        },
        "end": {
          "line": 9,
          "character": 29
        }
      },
      "uri": "defFl19.bal"
    }
  ]
}