{
  "source": {
    "file": "defFl7.bal"
  },
  "position": {
    "line": 15,
    "character": 14
  },
  "result": [
    {
      "range": {
        "start": {
          "line": 12,
          "character": 16
        },
        "end": {
          "line": 12,
          "character": 19
        }
      },
      "uri": "defFl7.bal"
    }
  ]
}