{
  "source": {
    "file": "defFl8.bal"
  },
  "position": {
    "line": 165,
    "character": 21
  },
  "result": [
    {
      "range": {
        "start": {
          "line": 163,
          "character": 10
        },
        "end": {
          "line": 163,
          "character": 12
        }
      },
      "uri": "defFl8.bal"
    }
  ]
}